---
source: src/i18n.rs
expression: "site_samples(Lang::De)"
---
Mikan gefällt deine Aktivität: Episode 1–3 von Frieren geschaut (+2 weitere)
Folge 5 von Frieren ist erschienen
Hoshi folgt dir jetzt
Mikan hat dich in einer Aktivität erwähnt
Mikan hat auf deine Aktivität geantwortet
Mikan hat in einer Aktivität geantwortet, der du folgst
Mikan gefällt deine Aktivität
Mikan gefällt deine Antwort
Hoshi hat dich in „Weekly talk“ erwähnt
Hoshi hat auf deinen Kommentar in „Weekly talk“ geantwortet
Hoshi hat in „Weekly talk“ kommentiert
Hoshi gefällt dein Kommentar in „Weekly talk“
Hoshi gefällt dein Thread „Weekly talk“
Frieren wurde zu AniList hinzugefügt
Frieren hat eine Datenänderung erhalten
Frieren hat einen anderen Eintrag übernommen
Frieren wurde von AniList entfernt
Deine Einreichung „Frieren“ wurde aktualisiert
Deine Staff-Einreichung „Frieren“ wurde aktualisiert
Deine Charakter-Einreichung „Frieren“ wurde aktualisiert
Episode 7 von Frieren geschaut
Episode 7 von Frieren erneut geschaut
Kapitel 7 von Frieren gelesen
Kapitel 7 von Frieren erneut gelesen
Frieren abgeschlossen
Frieren zum Schauen geplant
Frieren zum Lesen geplant
Frieren abgebrochen
Frieren pausiert
