---
source: src/i18n.rs
expression: "site_samples(Lang::En)"
---
Mikan liked your activity: Watched episode 1–3 of Frieren (+2 more)
Episode 5 of Frieren aired
Hoshi started following you
Mikan mentioned you in an activity
Mikan replied to your activity
Mikan replied to an activity you follow
Mikan liked your activity
Mikan liked your reply
Hoshi mentioned you in “Weekly talk”
Hoshi replied to your comment in “Weekly talk”
Hoshi commented in “Weekly talk”
Hoshi liked your comment in “Weekly talk”
Hoshi liked your thread “Weekly talk”
Frieren was added to AniList
Frieren received a data change
Frieren absorbed another entry
Frieren was removed from AniList
Your submission “Frieren” was updated
Your staff submission “Frieren” was updated
Your character submission “Frieren” was updated
Watched episode 7 of Frieren
Rewatched episode 7 of Frieren
Read chapter 7 of Frieren
Reread chapter 7 of Frieren
Completed Frieren
Planning to watch Frieren
Planning to read Frieren
Dropped Frieren
Paused Frieren
